// Jest Snapshot v1, https://jestjs.io/docs/snapshot-testing

exports[`<ProgressSumary /> should match the snapshot for a typical progress state 1`] = `
<div>
  <div
    class="mb-8 w-full max-w-4xl rounded-lg bg-gray-800 p-6 shadow-lg"
  >
    <div
      class="mb-4 flex items-center justify-between text-white"
    >
      <div
        class="flex flex-col"
      >
        <span
          class="text-lg font-bold"
          data-testid="total-saved"
        >
          R$ 1.250,00
        </span>
        <span
          class="text-sm text-gray-400"
          data-testid="total-goal"
        >
          de 
          R$ 5.050,00
        </span>
      </div>
      <div
        class="text-right"
        data-testid="deposit-counts"
      >
        <span
          class="text-lg font-bold"
        >
          25
        </span>
        <span
          class="text-sm text-gray-400"
        >
          /
          100
           depósitos
        </span>
      </div>
    </div>
    <div
      aria-label="Progresso do desafio"
      aria-valuemax="5050"
      aria-valuemin="0"
      aria-valuenow="1250"
      class="h-4 w-full rounded-full bg-gray-600"
      role="progressBar"
    >
      <div
        class="h-4 rounded-full bg-green-500 transition-all duration-300"
        style="width: 24.752475247524753%;"
      />
    </div>
    <div
      class="mt-6 text-center"
    >
      <button
        class="rounded-md bg-red-800 px-4 py-2 text-sm font-semibold text-white transition-colors hover:bg-red-700 focus:outline-none focus:ring-2 focus:ring-red-500"
      >
        Apagar desafio e recomeçar
      </button>
    </div>
  </div>
</div>
`;
